Windows PowerShell
Copyright (C) 2016 Microsoft Corporation. All rights reserved.

PS C:\Users\Emerald> ruby -v
ruby 2.4.1p111 (2017-03-22 revision 58053) [x64-mingw32]
PS C:\Users\Emerald> pwd

Path
----
C:\Users\Emerald


PS C:\Users\Emerald> cd ~
PS C:\Users\Emerald> cd Desktop
PS C:\Users\Emerald\Desktop> ls


    Directory: C:\Users\Emerald\Desktop


Mode                LastWriteTime         Length Name
----                -------------         ------ ----
d-----        9/11/2017   7:25 PM                emeraldlzj.github.io
d-----        8/26/2017  10:28 AM                SY 2018
-a----         9/5/2017   5:16 PM          30720 1.xls
-a----        9/11/2017   8:37 AM          34687 Financial Statement.pdf
-a----        9/11/2017   6:35 PM           2436 GitHub Desktop.lnk
-a----        2/13/2017   6:38 PM           2917 Hindenburg.lnk
-a----        9/11/2017   8:56 AM          57541 image.pdf
-a----        9/11/2017   6:59 PM             31 Index.html
-a----         9/7/2017   2:43 AM          19921 Print 1.docx
-a----        7/28/2017   6:18 PM          27170 Refund.pdf
-a----        8/28/2017   8:27 AM          28550 Sharing--17 marketing.docx
-a----         9/6/2017   9:08 AM          61396 thank you VT.pdf
-a----         9/2/2017   1:46 PM          14280 TV Production.docx
-a----         9/6/2017   9:09 AM        2730500 塑造完美形象 - 商务礼仪 - 安·玛丽·萨芭丝.pdf


PS C:\Users\Emerald\Desktop> cd emeraldlzj.github.io
PS C:\Users\Emerald\Desktop\emeraldlzj.github.io>
PS C:\Users\Emerald\Desktop\emeraldlzj.github.io> cd Users\Emrald
cd : Cannot find path 'C:\Users\Emerald\Desktop\emeraldlzj.github.io\Users\Emrald' because it does not exist.
At line:1 char:1
+ cd Users\Emrald
+ ~~~~~~~~~~~~~~~
    + CategoryInfo          : ObjectNotFound: (C:\Users\Emeral...io\Users\Emrald:String) [Set-Location], ItemNotFoundE
   xception
    + FullyQualifiedErrorId : PathNotFound,Microsoft.PowerShell.Commands.SetLocationCommand

PS C:\Users\Emerald\Desktop\emeraldlzj.github.io> pwd

Path
----
C:\Users\Emerald\Desktop\emeraldlzj.github.io


PS C:\Users\Emerald\Desktop\emeraldlzj.github.io> cd \Users\Emerald\Desktop\emeraldlzj.github.io
PS C:\Users\Emerald\Desktop\emeraldlzj.github.io> ls


    Directory: C:\Users\Emerald\Desktop\emeraldlzj.github.io


Mode                LastWriteTime         Length Name
----                -------------         ------ ----
-a----        9/11/2017   7:26 PM            172 index.html
-a----        9/11/2017   7:09 PM             50 README.md


PS C:\Users\Emerald\Desktop\emeraldlzj.github.io> pwd

Path
----
C:\Users\Emerald\Desktop\emeraldlzj.github.io


PS C:\Users\Emerald\Desktop\emeraldlzj.github.io> cd ~
PS C:\Users\Emerald> cd Desktop
PS C:\Users\Emerald\Desktop> ls


    Directory: C:\Users\Emerald\Desktop


Mode                LastWriteTime         Length Name
----                -------------         ------ ----
d-----        9/11/2017   7:25 PM                emeraldlzj.github.io
d-----        8/26/2017  10:28 AM                SY 2018
-a----         9/5/2017   5:16 PM          30720 1.xls
-a----        9/11/2017   8:37 AM          34687 Financial Statement.pdf
-a----        9/11/2017   6:35 PM           2436 GitHub Desktop.lnk
-a----        2/13/2017   6:38 PM           2917 Hindenburg.lnk
-a----        9/11/2017   8:56 AM          57541 image.pdf
-a----        9/11/2017   6:59 PM             31 Index.html
-a----         9/7/2017   2:43 AM          19921 Print 1.docx
-a----        7/28/2017   6:18 PM          27170 Refund.pdf
-a----        8/28/2017   8:27 AM          28550 Sharing--17 marketing.docx
-a----         9/6/2017   9:08 AM          61396 thank you VT.pdf
-a----         9/2/2017   1:46 PM          14280 TV Production.docx
-a----         9/6/2017   9:09 AM        2730500 塑造完美形象 - 商务礼仪 - 安·玛丽·萨芭丝.pdf


PS C:\Users\Emerald\Desktop> gem install bundler
Fetching: bundler-1.15.4.gem (100%)
Successfully installed bundler-1.15.4
Parsing documentation for bundler-1.15.4
Installing ri documentation for bundler-1.15.4
Done installing documentation for bundler after 22 seconds
1 gem installed
PS C:\Users\Emerald\Desktop> bundle install
Could not locate Gemfile
PS C:\Users\Emerald\Desktop> cd .\emeraldlzj.github.io\
PS C:\Users\Emerald\Desktop\emeraldlzj.github.io> bundle install
Fetching gem metadata from https://rubygems.org/...........
Fetching version metadata from https://rubygems.org/..
Fetching dependency metadata from https://rubygems.org/.
Resolving dependencies...
Fetching i18n 0.8.6
Installing i18n 0.8.6
Fetching minitest 5.10.3
Installing minitest 5.10.3
Fetching thread_safe 0.3.6
Installing thread_safe 0.3.6
Fetching public_suffix 2.0.5
Installing public_suffix 2.0.5
Using bundler 1.15.4
Fetching coffee-script-source 1.11.1
Installing coffee-script-source 1.11.1
Fetching execjs 2.7.0
Installing execjs 2.7.0
Fetching colorator 1.1.0
Installing colorator 1.1.0
Fetching ffi 1.9.18 (x64-mingw32)
Installing ffi 1.9.18 (x64-mingw32)
Fetching multipart-post 2.0.0
Installing multipart-post 2.0.0
Fetching forwardable-extended 2.6.0
Installing forwardable-extended 2.6.0
Fetching gemoji 3.0.0
Installing gemoji 3.0.0
Fetching net-dns 0.8.0
Installing net-dns 0.8.0
Fetching rb-fsevent 0.10.2
Installing rb-fsevent 0.10.2
Fetching kramdown 1.13.2
Installing kramdown 1.13.2
Fetching liquid 4.0.0
Installing liquid 4.0.0
Fetching mercenary 0.3.6
Installing mercenary 0.3.6
Fetching rouge 1.11.1
Installing rouge 1.11.1
Fetching safe_yaml 1.0.4
Installing safe_yaml 1.0.4
Fetching mini_portile2 2.2.0
Installing mini_portile2 2.2.0
Fetching jekyll-paginate 1.1.0
Installing jekyll-paginate 1.1.0
Fetching jekyll-swiss 0.4.0
Installing jekyll-swiss 0.4.0
Fetching unicode-display_width 1.3.0
Installing unicode-display_width 1.3.0
Fetching tzinfo 1.2.3
Installing tzinfo 1.2.3
Fetching addressable 2.5.2
Installing addressable 2.5.2
Fetching coffee-script 2.4.1
Installing coffee-script 2.4.1
Fetching ethon 0.10.1
Installing ethon 0.10.1
Fetching rb-inotify 0.9.10
Installing rb-inotify 0.9.10
Fetching faraday 0.13.1
Installing faraday 0.13.1
Fetching pathutil 0.14.0
Installing pathutil 0.14.0
Fetching nokogiri 1.8.0 (x64-mingw32)
Installing nokogiri 1.8.0 (x64-mingw32)
Fetching terminal-table 1.8.0
Installing terminal-table 1.8.0
Fetching activesupport 4.2.8
Installing activesupport 4.2.8
Fetching jekyll-coffeescript 1.0.2
Installing jekyll-coffeescript 1.0.2
Fetching typhoeus 0.8.0
Installing typhoeus 0.8.0
Fetching sass-listen 4.0.0
Installing sass-listen 4.0.0
Fetching listen 3.0.6
Installing listen 3.0.6
Fetching sawyer 0.8.1
Installing sawyer 0.8.1
Fetching html-pipeline 2.7.0
Installing html-pipeline 2.7.0
Fetching sass 3.5.1
Installing sass 3.5.1
Fetching jekyll-watch 1.5.0
Installing jekyll-watch 1.5.0
Fetching octokit 4.7.0
Installing octokit 4.7.0
Fetching jekyll-sass-converter 1.5.0
Installing jekyll-sass-converter 1.5.0
Fetching github-pages-health-check 1.3.5
Installing github-pages-health-check 1.3.5
Fetching jekyll-gist 1.4.1
Installing jekyll-gist 1.4.1
Fetching jekyll 3.5.2
Installing jekyll 3.5.2
Fetching jekyll-avatar 0.5.0
Installing jekyll-avatar 0.5.0
Fetching jekyll-default-layout 0.1.4
Installing jekyll-default-layout 0.1.4
Fetching jekyll-feed 0.9.2
Installing jekyll-feed 0.9.2
Fetching jekyll-github-metadata 2.9.3
Installing jekyll-github-metadata 2.9.3
Fetching jekyll-mentions 1.2.0
Installing jekyll-mentions 1.2.0
Fetching jekyll-optional-front-matter 0.2.0
Installing jekyll-optional-front-matter 0.2.0
Fetching jekyll-readme-index 0.1.0
Installing jekyll-readme-index 0.1.0
Fetching jekyll-redirect-from 0.12.1
Installing jekyll-redirect-from 0.12.1
Fetching jekyll-relative-links 0.4.1
Installing jekyll-relative-links 0.4.1
Fetching jekyll-seo-tag 2.3.0
Installing jekyll-seo-tag 2.3.0
Fetching jekyll-sitemap 1.1.1
Installing jekyll-sitemap 1.1.1
Fetching jekyll-titles-from-headings 0.4.0
Installing jekyll-titles-from-headings 0.4.0
Fetching jemoji 0.8.0
Installing jemoji 0.8.0
Fetching minima 2.1.1
Installing minima 2.1.1
Fetching jekyll-theme-architect 0.1.0
Installing jekyll-theme-architect 0.1.0
Fetching jekyll-theme-cayman 0.1.0
Installing jekyll-theme-cayman 0.1.0
Fetching jekyll-theme-dinky 0.1.0
Installing jekyll-theme-dinky 0.1.0
Fetching jekyll-theme-hacker 0.1.0
Installing jekyll-theme-hacker 0.1.0
Fetching jekyll-theme-leap-day 0.1.0
Installing jekyll-theme-leap-day 0.1.0
Fetching jekyll-theme-merlot 0.1.0
Installing jekyll-theme-merlot 0.1.0
Fetching jekyll-theme-midnight 0.1.0
Installing jekyll-theme-midnight 0.1.0
Fetching jekyll-theme-minimal 0.1.0
Installing jekyll-theme-minimal 0.1.0
Fetching jekyll-theme-modernist 0.1.0
Installing jekyll-theme-modernist 0.1.0
Fetching jekyll-theme-primer 0.5.2
Installing jekyll-theme-primer 0.5.2
Fetching jekyll-theme-slate 0.1.0
Installing jekyll-theme-slate 0.1.0
Fetching jekyll-theme-tactile 0.1.0
Installing jekyll-theme-tactile 0.1.0
Fetching jekyll-theme-time-machine 0.1.0
Installing jekyll-theme-time-machine 0.1.0
Fetching github-pages 160
Installing github-pages 160
Bundle complete! 1 Gemfile dependency, 74 gems now installed.
Use `bundle info [gemname]` to see where a bundled gem is installed.
Post-install message from nokogiri:
Nokogiri is built with the packaged libraries: libxml2-2.9.4, libxslt-1.1.29, zlib-1.2.11, libiconv-1.15.
Post-install message from html-pipeline:
-------------------------------------------------
Thank you for installing html-pipeline!
You must bundle Filter gem dependencies.
See html-pipeline README.md for more details.
https://github.com/jch/html-pipeline#dependencies
-------------------------------------------------
PS C:\Users\Emerald\Desktop\emeraldlzj.github.io>  bundle exec jeky serve --watch
bundler: command not found: jeky
Install missing gem executables with `bundle install`
PS C:\Users\Emerald\Desktop\emeraldlzj.github.io> bundle exec jekyll serve --watch
Configuration file: none
            Source: C:/Users/Emerald/Desktop/emeraldlzj.github.io
       Destination: C:/Users/Emerald/Desktop/emeraldlzj.github.io/_site
 Incremental build: disabled. Enable with --incremental
      Generating...
                    done in 0.052 seconds.
  Please add the following to your Gemfile to avoid polling for changes:
    gem 'wdm', '>= 0.1.0' if Gem.win_platform?
 Auto-regeneration: enabled for 'C:/Users/Emerald/Desktop/emeraldlzj.github.io'
    Server address: http://127.0.0.1:4000
  Server running... press ctrl-c to stop.
[2017-09-11 21:00:56] ERROR `/favicon.ico' not found.
